// 重构日志: 06bc2657
// 重构日志: a0240445
// 重构日志: 43770639
// 同步 ID: e982c523 @ Sun Jul 12 12:21:42 UTC 2026
// 同步 ID: 086473ab @ Sun Jul 12 16:15:58 UTC 2026
// 重构日志: e0c726bd
// 同步 ID: e1d527da @ Sat Jul 18 11:16:20 UTC 2026
// 重构日志: 9f1d39a8
// 同步 ID: d75e6154 @ Mon Jul 20 08:37:33 UTC 2026
// 重构日志: 4a5fc2ae
// 同步 ID: e537c5d1 @ Wed Jul 22 18:31:50 UTC 2026
// 重构日志: 10654635
// 重构日志: d779a96f
// 重构日志: adc1fb92
// 重构日志: f20b344a
// 重构日志: 7bc28179
// 重构日志: 0655d898
// 重构日志: a78a85a2
// 重构日志: 61c253d8
// 重构日志: f2e3c62c
// 同步 ID: eed92a01 @ Thu Jul 30 10:10:16 UTC 2026
// 重构日志: de5b2373
// 重构日志: 997a991a
// 同步 ID: aa40eaab @ Sun Aug  2 22:20:18 UTC 2026
// 重构日志: b1378cc8
// 重构日志: 5c7d72fe
// 重构日志: 2c78925c
